<html>
<body>
<pre>
<h1>µVision Build Log</h1>
<h2>Tool Versions:</h2>
IDE-Version: ¦ÌVision V5.24.2.0
Copyright (C) 2017 ARM Ltd and ARM Germany GmbH. All rights reserved.
License Information: xiao huangyu, AAA, LIC=KRMW3-AGZJ2-IIA5V-PT0LA-Q66J3-2RQMA
 
Tool Versions:
Toolchain:       MDK-ARM Plus  Version: 5.24.1
Toolchain Path:  F:\Keil5\ARM\ARMCC\Bin
C Compiler:      Armcc.exe V5.06 update 5 (build 528)
Assembler:       Armasm.exe V5.06 update 5 (build 528)
Linker/Locator:  ArmLink.exe V5.06 update 5 (build 528)
Library Manager: ArmAr.exe V5.06 update 5 (build 528)
Hex Converter:   FromElf.exe V5.06 update 5 (build 528)
CPU DLL:         SARMCM3.DLL V5.24.1
Dialog DLL:      DCM.DLL V1.16.0.0
Target DLL:      STLink\ST-LINKIII-KEIL_SWO.dll V3.0.1.0
Dialog DLL:      TCM.DLL V1.32.0.0
 
<h2>Project:</h2>
G:\project\Lighting a LED\Project.uvprojx
Project File Date:  11/03/2025

<h2>Output:</h2>
*** Using Compiler 'V5.06 update 5 (build 528)', folder: 'F:\Keil5\ARM\ARMCC\Bin'
Build target 'Target 1'
compiling main.c...
User\main.c(21): warning:  #111-D: statement is unreachable
  	return 0;
User\main.c: 1 warning, 0 errors
linking...
Program Size: Code=1044 RO-data=252 RW-data=0 ZI-data=1632  
After Build - User command #1: F:\Keil5\ARM\ARMCC\bin\fromelf.exe
Product: MDK Plus 5.24
Component: ARM Compiler 5.06 update 5 (build 528)
Tool: fromelf [4d35da]
For support see http://www.arm.com/support
Software supplied by: ARM Limited
ARM image conversion utility
fromelf [options] input_file
Options:
       --help         display this help screen
       --vsn          display version information
       --output file  the output file. (defaults to stdout for -text format)
       --nodebug      do not put debug areas in the output image
       --nolinkview   do not put sections in the output image
Binary Output Formats:
       --bin          Plain Binary
       --m32          Motorola 32 bit Hex
       --i32          Intel 32 bit Hex
       --vhx          Byte Oriented Hex format
       --base addr    Optionally set base address for m32,i32
Output Formats Requiring Debug Information
       --fieldoffsets Assembly Language Description of Structures/Classes
       --expandarrays Arrays inside and outside structures are expanded
Other Output Formats:
       --elf         ELF
       --text        Text Information
                Flags for Text Information
                -v          verbose
                -a          print data addresses (For images built with debug)
                -c          disassemble code
                -d          print contents of data section
                -e          print exception tables
                -g          print debug tables
                -r          print relocation information
                -s          print symbol table
                -t          print string table
                -y          print dynamic segment contents
                -z          print code and data size information
".\Objects\Project.axf" - 0 Error(s), 1 Warning(s).

<h2>Software Packages used:</h2>

Package Vendor: Keil
                http://www.keil.com/pack/Keil.STM32F1xx_DFP.2.2.0.pack
                Keil.STM32F1xx_DFP.2.2.0
                STMicroelectronics STM32F1 Series Device Support, Drivers and Examples

<h2>Collection of Component include folders:</h2>
  .\RTE\_Target_1
  F:\ARM\PACK\Keil\STM32F1xx_DFP\2.2.0\Device\Include

<h2>Collection of Component Files used:</h2>
Build Time Elapsed:  00:00:01
</pre>
</body>
</html>
